// Jest Snapshot v1, https://goo.gl/fbAQLP

exports[`Product page should match snapshot of Product page 1`] = `
<div
  className="product-login"
>
  <Header />
</div>
`;
